---
source: crates/compiler/src/generate/partial_bundling.rs
input_file: crates/testing_helpers/src/lib.rs
---
name: A_66be
id: A_66be
immutable: false
resource_pot_type: Js
entry: Some(
    ModuleId {
        relative_path: "A",
        query_string: "",
    },
)
module_groups: [
    ModuleId {
        relative_path: "A",
        query_string: "",
    },
    ModuleId {
        relative_path: "F",
        query_string: "",
    },
]
modules: [
    ModuleId {
        relative_path: "A",
        query_string: "",
    },
    ModuleId {
        relative_path: "C",
        query_string: "",
    },
]
resources: []

-------

name: B_2f5d
id: B_2f5d
immutable: false
resource_pot_type: Js
entry: Some(
    ModuleId {
        relative_path: "B",
        query_string: "",
    },
)
module_groups: [
    ModuleId {
        relative_path: "B",
        query_string: "",
    },
]
modules: [
    ModuleId {
        relative_path: "B",
        query_string: "",
    },
    ModuleId {
        relative_path: "E",
        query_string: "",
    },
]
resources: []

-------

name: B_3f39
id: B_3f39
immutable: false
resource_pot_type: Js
entry: None
module_groups: [
    ModuleId {
        relative_path: "B",
        query_string: "",
    },
    ModuleId {
        relative_path: "D",
        query_string: "",
    },
]
modules: [
    ModuleId {
        relative_path: "D",
        query_string: "",
    },
]
resources: []

-------

name: G_333e
id: G_333e
immutable: false
resource_pot_type: Js
entry: None
module_groups: [
    ModuleId {
        relative_path: "G",
        query_string: "",
    },
]
modules: [
    ModuleId {
        relative_path: "G",
        query_string: "",
    },
]
resources: []

-------

name: test
id: test_js
immutable: false
resource_pot_type: Js
entry: None
module_groups: [
    ModuleId {
        relative_path: "B",
        query_string: "",
    },
    ModuleId {
        relative_path: "D",
        query_string: "",
    },
    ModuleId {
        relative_path: "F",
        query_string: "",
    },
    ModuleId {
        relative_path: "G",
        query_string: "",
    },
]
modules: [
    ModuleId {
        relative_path: "F",
        query_string: "",
    },
    ModuleId {
        relative_path: "H",
        query_string: "",
    },
]
resources: []
