---
source: crates/compiler/src/generate/partial_bundling.rs
input_file: crates/testing_helpers/src/lib.rs
---
name: A_66be
id: A_66be
immutable: false
resource_pot_type: Js
entry: Some(
    ModuleId {
        relative_path: "A",
        query_string: "",
    },
)
module_groups: [
    ModuleId {
        relative_path: "A",
        query_string: "",
    },
    ModuleId {
        relative_path: "F",
        query_string: "",
    },
]
modules: [
    ModuleId {
        relative_path: "A",
        query_string: "",
    },
    ModuleId {
        relative_path: "C",
        query_string: "",
    },
]
resources: []
