---
source: rust-ecosystem/tailwindcss/tests/scanner.rs
input_file: crates/testing_helpers/src/lib.rs
---
html candidates:
html
lang
en
charset
UTF-8
fixture
class
flex
items-center
justify-between
p-4
bg-white
shadow-md
text-2xl
font-bold
text-gray-900
World
bg-blue-500
hover:bg-blue-600
text-white
font-semibold
py-2
px-4
rounded
Click
me
mt-4
space-y-2
text-sm
text-gray-600
truncate
one
two
dark
mode
toggle
dark:bg-gray-800
dark:text-white
p-2
content

jsx candidates:
import
React
from
react
interface
ButtonProps
label
string
variant
primary
secondary
export
function
Button
const
base
inline-flex
items-center
justify-center
font-medium
rounded-md
variants
bg-indigo-600
hover:bg-indigo-700
text-white
px-4
py-2
bg-gray-200
hover:bg-gray-300
text-gray-900
return
className
variants[variant]
Card
max-w-sm
mx-auto
bg-white
rounded-xl
shadow-lg
overflow-hidden
p-6
text-gray-500
text-sm
leading-relaxed
simple
card
component

css candidates:
@tailwind
base
components
utilities
Custom
component
styles
using
Tailwind
classes
for
reference
.btn
@apply
inline-flex
items-center
justify-center
rounded-md
font-medium
.btn-primary
bg-blue-600
text-white
hover:bg-blue-700
px-4
py-2
.card
rounded-xl
shadow-md
bg-white
overflow-hidden
